// Vitest Snapshot v1

exports[`Test Form Input Text component 1`] = `"inputLabel"`;
